[connectusainc.com/index.html]
[backblue.gif]
[fade.gif]
[index.html]
[connectusainc.com/wp-content/uploads/2020/02/image1-home1.png]
[connectusainc.com/wp-content/cache/wpo-minify/1693782166/assets/wpo-minify-header-6e1e87d3.min.css]
[connectusainc.com/wp-json/wp/v2/pages/2274.json]
[connectusainc.com/wp-content/cache/wpo-minify/1693782166/assets/wpo-minify-header-e8f418c5.min.js]
[connectusainc.com/feed/index.html]
[connectusainc.com/wp-json/index.html]
[connectusainc.com/comments/feed/index.html]
[connectusainc.com/xmlrpc0db0.php]
[connectusainc.com/wp-includes/wlwmanifest.xml]
[connectusainc.com/wp-json/oembed/1.0/embed1b66.json]
[connectusainc.com/wp-json/oembed/1.0/embed8b5c]
[connectusainc.com/wp-content/uploads/2021/04/pricing-b-1-80x80.png]
[connectusainc.com/wp-content/uploads/2021/04/pricing-b-1.png]
[connectusainc.com/wp-content/uploads/2021/12/bg-pheader-1.jpg]
[connectusainc.com/wp-content/fonts/roboto/KFOmCnqEu92Fr1Mu72xMKTU1Kvnz.woff]
[connectusainc.com/wp-content/fonts/roboto/KFOmCnqEu92Fr1Mu5mxMKTU1Kvnz.woff]
[connectusainc.com/wp-content/fonts/roboto/KFOmCnqEu92Fr1Mu7mxMKTU1Kvnz.woff]
[connectusainc.com/wp-content/fonts/roboto/KFOmCnqEu92Fr1Mu4WxMKTU1Kvnz.woff]
[connectusainc.com/wp-content/fonts/roboto/KFOmCnqEu92Fr1Mu7WxMKTU1Kvnz.woff]
[connectusainc.com/wp-content/fonts/roboto/KFOmCnqEu92Fr1Mu7GxMKTU1Kvnz.woff]
[connectusainc.com/wp-content/fonts/roboto/KFOmCnqEu92Fr1Mu4mxMKTU1Kg.woff]
[connectusainc.com/wp-content/plugins/elementor/assets/css/widget-icon-list.min.css]
[connectusainc.com/wp-content/uploads/2021/12/connect-usa-logo.png]
[connectusainc.com/wp-content/plugins/revslider/public/assets/assets/dummy.png]
[connectusainc.com/who-we-are/index.html]
[connectusainc.com/wp-content/uploads/revslider/video-media/video_26_layer.jpeg]
[connectusainc.com/connect-bridge/index.html]
[connectusainc.com/hosted-phones-nec-blue/index.html]
[connectusainc.com/wp-content/uploads/2021/03/connect-usa-logo-white.png]
[connectusainc.com/sv9100/index.html]
[connectusainc.com/sv9300/index.html]
[connectusainc.com/wp-content/uploads/2021/03/customer-service-award.png]
[connectusainc.com/structured-cabling/index.html]
[connectusainc.com/support-request/index.html]
[connectusainc.com/service-manuals/index.html]
[connectusainc.com/contacts/index.html]
[connectusainc.com/wp-content/plugins/revslider/public/assets/fonts/revicons/revicons90c6.woff]
[connectusainc.com/wp-content/cache/wpo-minify/1693782166/assets/wpo-minify-footer-b0674494.min.css]
[connectusainc.com/index.html]
[connectusainc.com/wp-content/cache/wpo-minify/1693782166/assets/wpo-minify-footer-75d20881.min.js]
[connectusainc.com/wp-content/themes/engitech/fonts/fa-brands-400.eot]
[connectusainc.com/wp-content/cache/wpo-minify/1693782166/assets/wpo-minify-footer-fc188bdd.min.js]
[connectusainc.com/wp-content/themes/engitech/images/close.png]
[connectusainc.com/wp-content/plugins/elementor/assets/lib/eicons/fonts/eicons.eot]
[connectusainc.com/wp-content/uploads/2020/02/bg-cta1-home1.jpg]
[connectusainc.com/wp-content/cache/wpo-minify/1693782166/assets/wpo-minify-header-6e1e87d3.min.css]
[connectusainc.com/wp-content/plugins/elementor/assets/css/widget-icon-list.min.css]
[engitech.s3.amazonaws.com/images/image-box1.jpg]
[connectusainc.com/wp-content/cache/wpo-minify/1693782166/assets/wpo-minify-header-702087da.min.css]
[connectusainc.com/wp-json/wp/v2/pages/1579.json]
[connectusainc.com/wp-json/oembed/1.0/embedd65b.json]
[connectusainc.com/wp-json/oembed/1.0/embed8142]
[engitech.s3.amazonaws.com/images/image-box3.jpg]
[engitech.s3.amazonaws.com/images/image-box2.jpg]
[engitech.s3.amazonaws.com/images/image-box4.jpg]
[connectusainc.com/wp-content/uploads/2021/12/about.png]
[connectusainc.com/who-we-are/index.html]
[connectusainc.com/wp-content/cache/wpo-minify/1693782166/assets/wpo-minify-footer-c7d244fe.min.css]
[connectusainc.com/wp-content/uploads/2022/01/connect-bridge-with-icons.png]
[connectusainc.com/wp-json/wp/v2/pages/10314.json]
[connectusainc.com/wp-content/cache/wpo-minify/1693782166/assets/wpo-minify-header-eeff87fd.min.css]
[connectusainc.com/wp-json/oembed/1.0/embede966.json]
[connectusainc.com/wp-json/oembed/1.0/embed7dd4]
[connectusainc.com/wp-content/uploads/2022/01/connect-bridge-scheme-768x393.png]
[connectusainc.com/connect-bridge/index.html]
[connectusainc.com/wp-content/uploads/2021/12/voice-over-ip.png]
[connectusainc.com/wp-content/cache/wpo-minify/1693782166/assets/wpo-minify-header-ee6a87fb.min.css]
[connectusainc.com/wp-json/wp/v2/pages/10204.json]
[connectusainc.com/wp-json/oembed/1.0/embed748f.json]
[connectusainc.com/wp-json/oembed/1.0/embeda19c]
[connectusainc.com/wp-content/uploads/2022/01/UNIVERGE-BLUE-EXTEND.png]
[connectusainc.com/wp-content/uploads/2022/01/blue-platform.png]
[connectusainc.com/hosted-phones-nec-blue/index.html]
[connectusainc.com/wp-content/uploads/2021/12/NEC-CommunicationsPlatform-UNIVERGE-S9100_Unit.jpg]
[connectusainc.com/wp-json/wp/v2/pages/2076.json]
[connectusainc.com/wp-content/cache/wpo-minify/1693782166/assets/wpo-minify-header-6e1a87d3.min.css]
[connectusainc.com/wp-json/oembed/1.0/embed26ad.json]
[connectusainc.com/wp-json/oembed/1.0/embed185f]
[connectusainc.com/wp-content/uploads/2021/12/NEC-CommunicationsPlatforms-UNIVERGE-SV9100_Collage.jpg]
[connectusainc.com/sv9100/index.html]
[connectusainc.com/wp-content/uploads/2021/12/NEC-CommunicationsPlatforms-UNIVERGE-SV9300_Side.jpg]
[connectusainc.com/wp-json/wp/v2/pages/9908.json]
[connectusainc.com/wp-content/cache/wpo-minify/1693782166/assets/wpo-minify-header-715d87de.min.css]
[connectusainc.com/wp-json/oembed/1.0/embedbd9b.json]
[connectusainc.com/wp-json/oembed/1.0/embed41f5]
[connectusainc.com/sv9300/index.html]
[connectusainc.com/wp-content/uploads/2021/12/sttuctred-cabling.png]
[connectusainc.com/wp-json/wp/v2/pages/10215.json]
[connectusainc.com/wp-content/cache/wpo-minify/1693782166/assets/wpo-minify-header-eefd87fd.min.css]
[connectusainc.com/wp-json/oembed/1.0/embed642f.json]
[connectusainc.com/structured-cabling/index.html]
[connectusainc.com/wp-json/oembed/1.0/embedf166]
[connectusainc.com/wp-json/wp/v2/pages/9976.json]
[connectusainc.com/wp-content/cache/wpo-minify/1693782166/assets/wpo-minify-header-72d187e3.min.css]
[connectusainc.com/wp-json/oembed/1.0/embedf719.json]
[connectusainc.com/wp-json/oembed/1.0/embedcc00]
[connectusainc.com/support-request/index.html]
[connectusainc.com/wp-content/cache/wpo-minify/1693782166/assets/wpo-minify-header-213a9cb9.min.css]
[connectusainc.com/wp-json/wp/v2/pages/10083.json]
[connectusainc.com/wp-json/oembed/1.0/embed08e4.json]
[connectusainc.com/wp-json/oembed/1.0/embed713a]
[connectusainc.com/wp-content/uploads/2021/12/1-SV8100-User-Guide.pdf]
[connectusainc.com/wp-content/uploads/2021/12/2-DT750-User-Guide.pdf]
[connectusainc.com/wp-content/uploads/2021/12/3-ITL-User-Guide.pdf]
[connectusainc.com/wp-content/uploads/2021/12/4-SV8100-Features-Specs.pdf]
[connectusainc.com/wp-content/uploads/2021/12/1-SV8300-User-Guide.pdf]
[connectusainc.com/wp-content/uploads/2021/12/2-DT750-User-Guide-1.pdf]
[connectusainc.com/wp-content/uploads/2021/12/3-ITL-User-Guide-1.pdf]
[connectusainc.com/wp-content/uploads/2021/12/4-SV8300-Hotel-User-Guide.pdf]
[connectusainc.com/wp-content/uploads/2021/12/5-SV8300-Features-Specs.pdf]
[connectusainc.com/wp-content/uploads/2021/12/1-IPK-II-Telephone-User-Guide.pdf]
[connectusainc.com/wp-content/uploads/2021/12/2-IPK-II-Attendant-User-Guide.pdf]
[connectusainc.com/wp-content/uploads/2021/12/3-IPK-II-Single-Line-User-Guide.pdf]
[connectusainc.com/wp-content/uploads/2021/12/4-IPK-II-Features-Specs.pdf]
[connectusainc.com/wp-content/uploads/2021/12/5-IPK-II-Elite-Call-Analyst-User-Guide.pdf]
[connectusainc.com/wp-content/uploads/2021/12/6-IPK-II-VoIP-Reference-Manual.pdf]
[connectusainc.com/wp-content/uploads/2021/12/7-Elite-IPK-II-General-Description.pdf]
[connectusainc.com/wp-content/uploads/2021/12/1-IPK-Telephone-User-Guide.pdf]
[connectusainc.com/wp-content/uploads/2021/12/2-IPK-Attendant-User-Guide.pdf]
[connectusainc.com/wp-content/uploads/2021/12/3-IPK-Single-Line-User-Guide.pdf]
[connectusainc.com/wp-content/uploads/2021/12/4-IPK-Features-Specs.pdf]
[connectusainc.com/wp-content/uploads/2021/12/3-Elite-Single-Line-User-Guide.pdf]
[connectusainc.com/wp-content/uploads/2021/12/2-Elite-Attendant-User-Guide.pdf]
[connectusainc.com/wp-content/uploads/2021/12/1-Elite-Multi-Line-User-Guide.pdf]
[connectusainc.com/wp-content/uploads/2021/12/1-IPS-Series-I-User-Guide.pdf]
[connectusainc.com/wp-content/uploads/2021/12/2-IPS-Series-E-User-Guide.pdf]
[connectusainc.com/wp-content/uploads/2021/12/3-IPS-2000-User-Guide.pdf]
[connectusainc.com/wp-content/uploads/2021/12/1-UM8000-Voicemail-User-Guide-2.0.pdf]
[connectusainc.com/wp-content/uploads/2021/12/2-UM8000-Voicemail-User-Guide.pdf]
[connectusainc.com/wp-content/uploads/2021/12/3-INMail-User-Guide.pdf]
[connectusainc.com/wp-content/uploads/2021/12/4-INMail-Admin-User-Guide.pdf]
[connectusainc.com/wp-content/uploads/2021/12/5-INMail-IPK-II-User-Guide.pdf]
[connectusainc.com/wp-content/uploads/2021/12/6-INMail-VM8000-System-Guide.pdf]
[connectusainc.com/wp-content/uploads/2021/12/7-Electra-Elite-IPK-VMP-User-Guide.pdf]
[connectusainc.com/wp-content/uploads/2021/12/8-Electra-Elite-IPK-LX-User-Guide.pdf]
[connectusainc.com/wp-content/uploads/2021/12/9-EliteMail-FMSVMS-Voicemail-User-Guide.pdf]
[connectusainc.com/wp-content/uploads/2021/12/10-IPS-IM16-Voicemail-User-Guide.pdf]
[connectusainc.com/wp-content/uploads/2021/12/Desi-Labeling-System-User-Guide.pdf]
[connectusainc.com/wp-content/cache/wpo-minify/1693782166/assets/wpo-minify-footer-be883045.min.css]
[connectusainc.com/service-manuals/index.html]
[connectusainc.com/wp-content/cache/wpo-minify/1693782166/assets/wpo-minify-header-6cf987cf.min.css]
[connectusainc.com/wp-json/wp/v2/pages/1370.json]
[connectusainc.com/wp-json/oembed/1.0/embedd3a6.json]
[connectusainc.com/wp-json/oembed/1.0/embed34a1]
[connectusainc.com/contacts/index.html]
[connectusainc.com/connect/sv9100/index.html]
[connectusainc.com/wp-content/plugins/elementor/assets/lib/font-awesome/webfonts/fa-brands-400.eot]
[connectusainc.com/wp-content/plugins/elementor/assets/lib/font-awesome/webfonts/fa-solid-900.eot]
[connectusainc.com/wp-content/cache/wpo-minify/1693782166/assets/wpo-minify-footer-b0674494.min.css]
[connectusainc.com/wp-content/uploads/2020/02/bg-art-5.png]
[connectusainc.com/wp-content/cache/wpo-minify/1693782166/assets/wpo-minify-header-702087da.min.css]
[connectusainc.com/indexade3.html]
[connectusainc.com/wp-content/cache/wpo-minify/1693782166/assets/wpo-minify-footer-c7d244fe.min.css]
[connectusainc.com/wp-content/cache/wpo-minify/1693782166/assets/wpo-minify-header-eeff87fd.min.css]
[connectusainc.com/indexce89.html]
[connectusainc.com/wp-content/cache/wpo-minify/1693782166/assets/wpo-minify-header-ee6a87fb.min.css]
[connectusainc.com/index131a.html]
[connectusainc.com/wp-content/uploads/2020/02/bg-art-1.png]
[connectusainc.com/wp-content/cache/wpo-minify/1693782166/assets/wpo-minify-header-6e1a87d3.min.css]
[connectusainc.com/index28fe.html]
[connectusainc.com/wp-content/cache/wpo-minify/1693782166/assets/wpo-minify-header-715d87de.min.css]
[connectusainc.com/indexf5fa.html]
[connectusainc.com/wp-content/cache/wpo-minify/1693782166/assets/wpo-minify-header-eefd87fd.min.css]
[connectusainc.com/indexe2d3.html]
[connectusainc.com/wp-content/cache/wpo-minify/1693782166/assets/wpo-minify-header-72d187e3.min.css]
[connectusainc.com/indexb952.html]
[connectusainc.com/wp-content/cache/wpo-minify/1693782166/assets/wpo-minify-header-213a9cb9.min.css]
[connectusainc.com/index42e4.html]
[connectusainc.com/wp-content/cache/wpo-minify/1693782166/assets/wpo-minify-footer-be883045.min.css]
[connectusainc.com/wp-content/cache/wpo-minify/1693782166/assets/wpo-minify-header-6cf987cf.min.css]
[connectusainc.com/index8348.html]
